<html>
<body>
<pre>
<h1>µVision Build Log</h1>
<h2>Project:</h2>
C:\Users\Launc\Desktop\Point_Ring\USER\Template.uvprojx
Project File Date:  06/10/2018

<h2>Output:</h2>
Build target 'Template'
compiling main.c...
main.c(35): warning:  #177-D: variable "t" was declared but never referenced
        u16 degree=0,t=0,Flag=1;;
main.c(35): warning:  #177-D: variable "Flag" was declared but never referenced
        u16 degree=0,t=0,Flag=1;;
main.c: 2 warnings, 0 errors
compiling stm32f10x_it.c...
compiling system_stm32f10x.c...
compiling delay.c...
compiling sys.c...
compiling usart.c...
compiling core_cm3.c...
assembling startup_stm32f10x_hd.s...
compiling misc.c...
compiling stm32f10x_adc.c...
compiling stm32f10x_bkp.c...
compiling stm32f10x_cec.c...
compiling stm32f10x_crc.c...
compiling stm32f10x_dac.c...
compiling stm32f10x_dbgmcu.c...
compiling stm32f10x_dma.c...
compiling stm32f10x_exti.c...
compiling stm32f10x_flash.c...
compiling stm32f10x_fsmc.c...
compiling stm32f10x_gpio.c...
compiling stm32f10x_i2c.c...
compiling stm32f10x_iwdg.c...
compiling stm32f10x_pwr.c...
compiling stm32f10x_rcc.c...
compiling stm32f10x_rtc.c...
compiling stm32f10x_sdio.c...
compiling stm32f10x_spi.c...
compiling stm32f10x_tim.c...
compiling stm32f10x_usart.c...
compiling stm32f10x_wwdg.c...
compiling stm32f10x_can.c...
compiling led.c...
compiling GY-85_1.c...
compiling spi.c...
compiling oled.c...
compiling ws2812.c...
..\HARDWAVE\WS2812\ws2812.c(204): warning:  #223-D: function "abs" declared implicitly
        NStep = ( abs(RedMinus) > abs(GreenMinus) ) ? abs(RedMinus):abs(GreenMinus);
..\HARDWAVE\WS2812\ws2812.c: 1 warning, 0 errors
compiling dht11.c...
linking...
Program Size: Code=9936 RO-data=2568 RW-data=36 ZI-data=2436  
FromELF: creating hex file...
"..\OBJ\Template.axf" - 0 Error(s), 3 Warning(s).
Load "..\\OBJ\\Template.axf" 
Erase Done.
Programming Done.
Verify OK.
Application running ...
ror(s), 4 Warning(s).
Load "..\\OBJ\\Template.axf" 
Erase Done.
Programming Done.
Verify OK.
Application running ...
